"title","name","child","age"
"Cape Feare","Maggie","yes",
"Cape Feare","Lisa","yes",
"Cape Feare","Bart","yes",
"Cape Feare","Marge",,36
"Cape Feare","Sideshow Bob",,
"Homer Loves Flanders","Homer",,39
"Homer Loves Flanders","Ned Flanders",,60
